2026-03-04 14:59:35 [INFO] 🚀 Process for trade ny040326145900b started.
2026-03-04 14:59:35 [INFO] ✅ Database initialized
2026-03-04 14:59:35 [INFO] ✅ Market Data Client initialized.
2026-03-04 14:59:35 [INFO] ✅ SLMonitor initialized: ny040326145900b
2026-03-04 14:59:35 [INFO]    SL BPS: 14.0 (0.14%) of spot price
2026-03-04 14:59:35 [INFO]    Check Interval: 60.0s
2026-03-04 14:59:35 [INFO] ✅ RollMonitor initialized: ny040326145900b
2026-03-04 14:59:35 [INFO]    Check Interval: 60.0s
2026-03-04 14:59:35 [INFO] 🚀 Process for trade ny040326145900b started.
2026-03-04 14:59:35 [INFO] ✅ SquareOffMonitor initialized for ny040326145900b at 15:27:00
2026-03-04 14:59:35 [INFO] ✅ StraddlePriceMonitor initialized: ny040326145900b
2026-03-04 14:59:35 [INFO] ✅ All monitors initialized for ny040326145900b
2026-03-04 14:59:35 [INFO] ✅ TradeManager created: ny040326145900b
2026-03-04 14:59:35 [INFO] 📊 Starting all monitors for new trade: ny040326145900b
2026-03-04 14:59:35 [INFO] 🛡️ SLMonitor enabled: ny040326145900b
2026-03-04 14:59:35 [INFO] ✅ HedgeMonitor enabled for ny040326145900b. Checks will be orchestrated.
2026-03-04 14:59:35 [INFO] 🔄 RollMonitor enabled: ny040326145900b
2026-03-04 14:59:35 [INFO] ⏹️ SquareOffMonitor enabled: ny040326145900b
2026-03-04 14:59:35 [INFO] ✅ Database initialized
2026-03-04 14:59:35 [INFO] ✅ Market Data Client initialized.
2026-03-04 14:59:35 [INFO] 🎯 StraddlePriceMonitor enabled: ny040326145900b | Initial HWM: 508.68
2026-03-04 14:59:35 [INFO] ✅ SLMonitor initialized: ny040326145900b
2026-03-04 14:59:35 [INFO]    SL BPS: 14.0 (0.14%) of spot price
2026-03-04 14:59:35 [INFO]    Check Interval: 60.0s
2026-03-04 14:59:35 [INFO] ✅ RollMonitor initialized: ny040326145900b
2026-03-04 14:59:35 [INFO]    Check Interval: 60.0s
2026-03-04 14:59:35 [INFO] 🚀 Connecting to Market Data Service stream at ws://127.0.0.1:8001/ws/data...
2026-03-04 14:59:35 [INFO] Handshake headers being sent: {'Origin': 'http://127.0.0.1'}
2026-03-04 14:59:35 [INFO] ✅ SquareOffMonitor initialized for ny040326145900b at 15:27:00
2026-03-04 14:59:35 [INFO] ✅ StraddlePriceMonitor initialized: ny040326145900b
2026-03-04 14:59:35 [INFO] ✅ All monitors initialized for ny040326145900b
2026-03-04 14:59:35 [INFO] ✅ TradeManager created: ny040326145900b
2026-03-04 14:59:35 [INFO] 📊 Starting all monitors for new trade: ny040326145900b
2026-03-04 14:59:35 [INFO] 🛡️ SLMonitor enabled: ny040326145900b
2026-03-04 14:59:35 [INFO] ✅ HedgeMonitor enabled for ny040326145900b. Checks will be orchestrated.
2026-03-04 14:59:35 [INFO] 🔄 RollMonitor enabled: ny040326145900b
2026-03-04 14:59:35 [INFO] ⏹️ SquareOffMonitor enabled: ny040326145900b
2026-03-04 14:59:35 [INFO] 🎯 StraddlePriceMonitor enabled: ny040326145900b | Initial HWM: 508.68
2026-03-04 14:59:35 [INFO] 🚀 Connecting to Market Data Service stream at ws://127.0.0.1:8001/ws/data...
2026-03-04 14:59:35 [INFO] Handshake headers being sent: {'Origin': 'http://127.0.0.1'}
2026-03-04 14:59:35 [INFO] ⚠️ Using derived lot_size 65 for ny040326145900b snapshot (DB value missing/invalid).
2026-03-04 14:59:35 [INFO] 🔍 Found 0 orders in DB for trade ny040326145900b via get_orders_by_trade_id.
2026-03-04 14:59:35 [INFO] Found 0 filled orders for ny040326145900b in DB via get_orders_by_trade_id.
2026-03-04 14:59:35 [WARNING] No trade orders found for ny040326145900b to build snapshot.
2026-03-04 14:59:35 [WARNING] Position reconstruction for ny040326145900b yielded no positions. Falling back to main two legs for greeks.
2026-03-04 14:59:35 [INFO] ⚠️ Using derived lot_size 65 for ny040326145900b snapshot (DB value missing/invalid).
2026-03-04 14:59:35 [INFO] 🔍 Found 0 orders in DB for trade ny040326145900b via get_orders_by_trade_id.
2026-03-04 14:59:35 [INFO] Found 0 filled orders for ny040326145900b in DB via get_orders_by_trade_id.
2026-03-04 14:59:35 [WARNING] No trade orders found for ny040326145900b to build snapshot.
2026-03-04 14:59:35 [WARNING] Position reconstruction for ny040326145900b yielded no positions. Falling back to main two legs for greeks.
2026-03-04 14:59:35 [INFO] ✅ Connected to Market Data Service real-time stream.
2026-03-04 14:59:35 [INFO] ✅ Connected to Market Data Service real-time stream.
2026-03-04 14:59:36 [INFO] ⚠️ Using derived lot_size 65 for ny040326145900b snapshot (DB value missing/invalid).
2026-03-04 14:59:36 [INFO] ⚠️ Using derived lot_size 65 for ny040326145900b snapshot (DB value missing/invalid).
2026-03-04 14:59:36 [INFO] 🔍 Found 0 orders in DB for trade ny040326145900b via get_orders_by_trade_id.
2026-03-04 14:59:36 [INFO] 🔍 Found 0 orders in DB for trade ny040326145900b via get_orders_by_trade_id.
2026-03-04 14:59:36 [INFO] Found 0 filled orders for ny040326145900b in DB via get_orders_by_trade_id.
2026-03-04 14:59:36 [WARNING] No trade orders found for ny040326145900b to build snapshot.
2026-03-04 14:59:36 [INFO] Found 0 filled orders for ny040326145900b in DB via get_orders_by_trade_id.
2026-03-04 14:59:36 [WARNING] Position reconstruction for ny040326145900b yielded no positions. Falling back to main two legs for greeks.
2026-03-04 14:59:36 [WARNING] No trade orders found for ny040326145900b to build snapshot.
2026-03-04 14:59:36 [WARNING] Position reconstruction for ny040326145900b yielded no positions. Falling back to main two legs for greeks.
2026-03-04 14:59:36 [INFO] ⚠️ Using derived lot_size 65 for ny040326145900b snapshot (DB value missing/invalid).
2026-03-04 14:59:36 [INFO] ⚠️ Using derived lot_size 65 for ny040326145900b snapshot (DB value missing/invalid).
2026-03-04 14:59:36 [INFO] 🔍 Found 0 orders in DB for trade ny040326145900b via get_orders_by_trade_id.
2026-03-04 14:59:36 [INFO] 🔍 Found 0 orders in DB for trade ny040326145900b via get_orders_by_trade_id.
2026-03-04 14:59:36 [INFO] Found 0 filled orders for ny040326145900b in DB via get_orders_by_trade_id.
2026-03-04 14:59:36 [INFO] Found 0 filled orders for ny040326145900b in DB via get_orders_by_trade_id.
2026-03-04 14:59:36 [WARNING] No trade orders found for ny040326145900b to build snapshot.
2026-03-04 14:59:36 [WARNING] No trade orders found for ny040326145900b to build snapshot.
2026-03-04 14:59:36 [WARNING] Position reconstruction for ny040326145900b yielded no positions. Falling back to main two legs for greeks.
2026-03-04 14:59:36 [WARNING] Position reconstruction for ny040326145900b yielded no positions. Falling back to main two legs for greeks.
2026-03-04 14:59:37 [INFO] ⚠️ Using derived lot_size 65 for ny040326145900b snapshot (DB value missing/invalid).
2026-03-04 14:59:37 [INFO] ⚠️ Using derived lot_size 65 for ny040326145900b snapshot (DB value missing/invalid).
2026-03-04 14:59:37 [INFO] 🔍 Found 0 orders in DB for trade ny040326145900b via get_orders_by_trade_id.
2026-03-04 14:59:37 [INFO] 🔍 Found 0 orders in DB for trade ny040326145900b via get_orders_by_trade_id.
2026-03-04 14:59:37 [INFO] Found 0 filled orders for ny040326145900b in DB via get_orders_by_trade_id.
2026-03-04 14:59:37 [INFO] Found 0 filled orders for ny040326145900b in DB via get_orders_by_trade_id.
2026-03-04 14:59:37 [WARNING] No trade orders found for ny040326145900b to build snapshot.
2026-03-04 14:59:37 [WARNING] No trade orders found for ny040326145900b to build snapshot.
2026-03-04 14:59:37 [WARNING] Position reconstruction for ny040326145900b yielded no positions. Falling back to main two legs for greeks.
2026-03-04 14:59:37 [WARNING] Position reconstruction for ny040326145900b yielded no positions. Falling back to main two legs for greeks.
2026-03-04 14:59:38 [INFO] ⚠️ Using derived lot_size 65 for ny040326145900b snapshot (DB value missing/invalid).
2026-03-04 14:59:38 [INFO] ⚠️ Using derived lot_size 65 for ny040326145900b snapshot (DB value missing/invalid).
2026-03-04 14:59:38 [INFO] 🔍 Found 0 orders in DB for trade ny040326145900b via get_orders_by_trade_id.
2026-03-04 14:59:38 [INFO] 🔍 Found 0 orders in DB for trade ny040326145900b via get_orders_by_trade_id.
2026-03-04 14:59:38 [INFO] Found 0 filled orders for ny040326145900b in DB via get_orders_by_trade_id.
2026-03-04 14:59:38 [INFO] Found 0 filled orders for ny040326145900b in DB via get_orders_by_trade_id.
2026-03-04 14:59:38 [WARNING] No trade orders found for ny040326145900b to build snapshot.
2026-03-04 14:59:38 [WARNING] No trade orders found for ny040326145900b to build snapshot.
2026-03-04 14:59:38 [WARNING] Position reconstruction for ny040326145900b yielded no positions. Falling back to main two legs for greeks.
2026-03-04 14:59:38 [WARNING] Position reconstruction for ny040326145900b yielded no positions. Falling back to main two legs for greeks.
2026-03-04 14:59:38 [INFO] ⚠️ Using derived lot_size 65 for ny040326145900b snapshot (DB value missing/invalid).
2026-03-04 14:59:38 [INFO] ⚠️ Using derived lot_size 65 for ny040326145900b snapshot (DB value missing/invalid).
2026-03-04 14:59:38 [INFO] 🔍 Found 0 orders in DB for trade ny040326145900b via get_orders_by_trade_id.
2026-03-04 14:59:38 [INFO] 🔍 Found 0 orders in DB for trade ny040326145900b via get_orders_by_trade_id.
2026-03-04 14:59:38 [INFO] Found 0 filled orders for ny040326145900b in DB via get_orders_by_trade_id.
2026-03-04 14:59:38 [INFO] Found 0 filled orders for ny040326145900b in DB via get_orders_by_trade_id.
2026-03-04 14:59:38 [WARNING] No trade orders found for ny040326145900b to build snapshot.
2026-03-04 14:59:38 [WARNING] No trade orders found for ny040326145900b to build snapshot.
2026-03-04 14:59:38 [WARNING] Position reconstruction for ny040326145900b yielded no positions. Falling back to main two legs for greeks.
2026-03-04 14:59:38 [WARNING] Position reconstruction for ny040326145900b yielded no positions. Falling back to main two legs for greeks.
2026-03-04 14:59:39 [INFO] ⚠️ Using derived lot_size 65 for ny040326145900b snapshot (DB value missing/invalid).
2026-03-04 14:59:39 [INFO] ⚠️ Using derived lot_size 65 for ny040326145900b snapshot (DB value missing/invalid).
2026-03-04 14:59:39 [INFO] 🔍 Found 0 orders in DB for trade ny040326145900b via get_orders_by_trade_id.
2026-03-04 14:59:39 [INFO] Found 0 filled orders for ny040326145900b in DB via get_orders_by_trade_id.
2026-03-04 14:59:39 [INFO] 🔍 Found 0 orders in DB for trade ny040326145900b via get_orders_by_trade_id.
2026-03-04 14:59:39 [WARNING] No trade orders found for ny040326145900b to build snapshot.
2026-03-04 14:59:39 [INFO] Found 0 filled orders for ny040326145900b in DB via get_orders_by_trade_id.
2026-03-04 14:59:39 [WARNING] Position reconstruction for ny040326145900b yielded no positions. Falling back to main two legs for greeks.
2026-03-04 14:59:39 [WARNING] No trade orders found for ny040326145900b to build snapshot.
2026-03-04 14:59:39 [WARNING] Position reconstruction for ny040326145900b yielded no positions. Falling back to main two legs for greeks.
2026-03-04 14:59:39 [INFO] ⚠️ Using derived lot_size 65 for ny040326145900b snapshot (DB value missing/invalid).
2026-03-04 14:59:39 [INFO] ⚠️ Using derived lot_size 65 for ny040326145900b snapshot (DB value missing/invalid).
2026-03-04 14:59:39 [INFO] 🔍 Found 0 orders in DB for trade ny040326145900b via get_orders_by_trade_id.
2026-03-04 14:59:39 [INFO] 🔍 Found 0 orders in DB for trade ny040326145900b via get_orders_by_trade_id.
2026-03-04 14:59:39 [INFO] Found 0 filled orders for ny040326145900b in DB via get_orders_by_trade_id.
2026-03-04 14:59:39 [INFO] Found 0 filled orders for ny040326145900b in DB via get_orders_by_trade_id.
2026-03-04 14:59:39 [WARNING] No trade orders found for ny040326145900b to build snapshot.
2026-03-04 14:59:39 [WARNING] No trade orders found for ny040326145900b to build snapshot.
2026-03-04 14:59:39 [WARNING] Position reconstruction for ny040326145900b yielded no positions. Falling back to main two legs for greeks.
2026-03-04 14:59:39 [WARNING] Position reconstruction for ny040326145900b yielded no positions. Falling back to main two legs for greeks.
2026-03-04 14:59:40 [INFO] ⚠️ Using derived lot_size 65 for ny040326145900b snapshot (DB value missing/invalid).
2026-03-04 14:59:40 [INFO] ⚠️ Using derived lot_size 65 for ny040326145900b snapshot (DB value missing/invalid).
2026-03-04 14:59:40 [INFO] 🔍 Found 0 orders in DB for trade ny040326145900b via get_orders_by_trade_id.
2026-03-04 14:59:40 [INFO] 🔍 Found 0 orders in DB for trade ny040326145900b via get_orders_by_trade_id.
2026-03-04 14:59:40 [INFO] Found 0 filled orders for ny040326145900b in DB via get_orders_by_trade_id.
2026-03-04 14:59:40 [INFO] Found 0 filled orders for ny040326145900b in DB via get_orders_by_trade_id.
2026-03-04 14:59:40 [WARNING] No trade orders found for ny040326145900b to build snapshot.
2026-03-04 14:59:40 [WARNING] No trade orders found for ny040326145900b to build snapshot.
2026-03-04 14:59:40 [WARNING] Position reconstruction for ny040326145900b yielded no positions. Falling back to main two legs for greeks.
2026-03-04 14:59:40 [WARNING] Position reconstruction for ny040326145900b yielded no positions. Falling back to main two legs for greeks.
2026-03-04 14:59:40 [INFO] ⚠️ Using derived lot_size 65 for ny040326145900b snapshot (DB value missing/invalid).
2026-03-04 14:59:40 [INFO] ⚠️ Using derived lot_size 65 for ny040326145900b snapshot (DB value missing/invalid).
2026-03-04 14:59:40 [INFO] 🔍 Found 0 orders in DB for trade ny040326145900b via get_orders_by_trade_id.
2026-03-04 14:59:40 [INFO] 🔍 Found 0 orders in DB for trade ny040326145900b via get_orders_by_trade_id.
2026-03-04 14:59:40 [INFO] Found 0 filled orders for ny040326145900b in DB via get_orders_by_trade_id.
2026-03-04 14:59:40 [INFO] Found 0 filled orders for ny040326145900b in DB via get_orders_by_trade_id.
2026-03-04 14:59:40 [WARNING] No trade orders found for ny040326145900b to build snapshot.
2026-03-04 14:59:40 [WARNING] Position reconstruction for ny040326145900b yielded no positions. Falling back to main two legs for greeks.
2026-03-04 14:59:40 [WARNING] No trade orders found for ny040326145900b to build snapshot.
2026-03-04 14:59:40 [WARNING] Position reconstruction for ny040326145900b yielded no positions. Falling back to main two legs for greeks.
2026-03-04 14:59:41 [INFO] ⚠️ Using derived lot_size 65 for ny040326145900b snapshot (DB value missing/invalid).
2026-03-04 14:59:41 [INFO] ⚠️ Using derived lot_size 65 for ny040326145900b snapshot (DB value missing/invalid).
2026-03-04 14:59:41 [INFO] 🔍 Found 0 orders in DB for trade ny040326145900b via get_orders_by_trade_id.
2026-03-04 14:59:41 [INFO] Found 0 filled orders for ny040326145900b in DB via get_orders_by_trade_id.
2026-03-04 14:59:41 [INFO] 🔍 Found 0 orders in DB for trade ny040326145900b via get_orders_by_trade_id.
2026-03-04 14:59:41 [WARNING] No trade orders found for ny040326145900b to build snapshot.
2026-03-04 14:59:41 [WARNING] Position reconstruction for ny040326145900b yielded no positions. Falling back to main two legs for greeks.
2026-03-04 14:59:41 [INFO] Found 0 filled orders for ny040326145900b in DB via get_orders_by_trade_id.
2026-03-04 14:59:41 [WARNING] No trade orders found for ny040326145900b to build snapshot.
2026-03-04 14:59:41 [WARNING] Position reconstruction for ny040326145900b yielded no positions. Falling back to main two legs for greeks.
2026-03-04 14:59:41 [INFO] ⚠️ Using derived lot_size 65 for ny040326145900b snapshot (DB value missing/invalid).
2026-03-04 14:59:41 [INFO] ⚠️ Using derived lot_size 65 for ny040326145900b snapshot (DB value missing/invalid).
2026-03-04 14:59:41 [INFO] 🔍 Found 0 orders in DB for trade ny040326145900b via get_orders_by_trade_id.
2026-03-04 14:59:41 [INFO] Found 0 filled orders for ny040326145900b in DB via get_orders_by_trade_id.
2026-03-04 14:59:41 [INFO] 🔍 Found 0 orders in DB for trade ny040326145900b via get_orders_by_trade_id.
2026-03-04 14:59:41 [WARNING] No trade orders found for ny040326145900b to build snapshot.
2026-03-04 14:59:41 [WARNING] Position reconstruction for ny040326145900b yielded no positions. Falling back to main two legs for greeks.
2026-03-04 14:59:41 [INFO] Found 0 filled orders for ny040326145900b in DB via get_orders_by_trade_id.
2026-03-04 14:59:41 [WARNING] No trade orders found for ny040326145900b to build snapshot.
2026-03-04 14:59:41 [WARNING] Position reconstruction for ny040326145900b yielded no positions. Falling back to main two legs for greeks.
2026-03-04 14:59:42 [INFO] ⚠️ Using derived lot_size 65 for ny040326145900b snapshot (DB value missing/invalid).
2026-03-04 14:59:42 [INFO] ⚠️ Using derived lot_size 65 for ny040326145900b snapshot (DB value missing/invalid).
2026-03-04 14:59:42 [INFO] 🔍 Found 0 orders in DB for trade ny040326145900b via get_orders_by_trade_id.
2026-03-04 14:59:42 [INFO] 🔍 Found 0 orders in DB for trade ny040326145900b via get_orders_by_trade_id.
2026-03-04 14:59:42 [INFO] Found 0 filled orders for ny040326145900b in DB via get_orders_by_trade_id.
2026-03-04 14:59:42 [INFO] Found 0 filled orders for ny040326145900b in DB via get_orders_by_trade_id.
2026-03-04 14:59:42 [WARNING] No trade orders found for ny040326145900b to build snapshot.
2026-03-04 14:59:42 [WARNING] No trade orders found for ny040326145900b to build snapshot.
2026-03-04 14:59:42 [WARNING] Position reconstruction for ny040326145900b yielded no positions. Falling back to main two legs for greeks.
2026-03-04 14:59:42 [WARNING] Position reconstruction for ny040326145900b yielded no positions. Falling back to main two legs for greeks.
2026-03-04 14:59:42 [INFO] ⚠️ Using derived lot_size 65 for ny040326145900b snapshot (DB value missing/invalid).
2026-03-04 14:59:42 [INFO] ⚠️ Using derived lot_size 65 for ny040326145900b snapshot (DB value missing/invalid).
2026-03-04 14:59:42 [INFO] 🔍 Found 0 orders in DB for trade ny040326145900b via get_orders_by_trade_id.
2026-03-04 14:59:42 [INFO] Found 0 filled orders for ny040326145900b in DB via get_orders_by_trade_id.
2026-03-04 14:59:42 [WARNING] No trade orders found for ny040326145900b to build snapshot.
2026-03-04 14:59:42 [INFO] Found 0 filled orders for ny040326145900b in DB via get_orders_by_trade_id.
back to main two legs for greeks.
2026-03-04 14:59:42 [WARNING] No trade orders found for ny040326145900b to build snapshot.
2026-03-04 14:59:42 [WARNING] Position reconstruction for ny040326145900b yielded no positions. Falling back to main two legs for greeks.
2026-03-04 14:59:43 [INFO] ⚠️ Using derived lot_size 65 for ny040326145900b snapshot (DB value missing/invalid).
2026-03-04 14:59:43 [INFO] ⚠️ Using derived lot_size 65 for ny040326145900b snapshot (DB value missing/invalid).
2026-03-04 14:59:43 [INFO] 🔍 Found 0 orders in DB for trade ny040326145900b via get_orders_by_trade_id.
2026-03-04 14:59:43 [INFO] 🔍 Found 0 orders in DB for trade ny040326145900b via get_orders_by_trade_id.
2026-03-04 14:59:43 [INFO] Found 0 filled orders for ny040326145900b in DB via get_orders_by_trade_id.
2026-03-04 14:59:43 [INFO] Found 0 filled orders for ny040326145900b in DB via get_orders_by_trade_id.
2026-03-04 14:59:43 [WARNING] No trade orders found for ny040326145900b to build snapshot.
2026-03-04 14:59:43 [WARNING] Position reconstruction for ny040326145900b yielded no positions. Falling back to main two legs for greeks.
2026-03-04 14:59:43 [WARNING] No trade orders found for ny040326145900b to build snapshot.
2026-03-04 14:59:43 [WARNING] Position reconstruction for ny040326145900b yielded no positions. Falling back to main two legs for greeks.
2026-03-04 14:59:44 [INFO] ⚠️ Using derived lot_size 65 for ny040326145900b snapshot (DB value missing/invalid).
2026-03-04 14:59:44 [INFO] ⚠️ Using derived lot_size 65 for ny040326145900b snapshot (DB value missing/invalid).
2026-03-04 14:59:44 [INFO] 🔍 Found 0 orders in DB for trade ny040326145900b via get_orders_by_trade_id.
2026-03-04 14:59:44 [INFO] 🔍 Found 0 orders in DB for trade ny040326145900b via get_orders_by_trade_id.
2026-03-04 14:59:44 [INFO] Found 0 filled orders for ny040326145900b in DB via get_orders_by_trade_id.
2026-03-04 14:59:44 [INFO] Found 0 filled orders for ny040326145900b in DB via get_orders_by_trade_id.
2026-03-04 14:59:44 [WARNING] No trade orders found for ny040326145900b to build snapshot.
2026-03-04 14:59:44 [WARNING] No trade orders found for ny040326145900b to build snapshot.
2026-03-04 14:59:44 [WARNING] Position reconstruction for ny040326145900b yielded no positions. Falling back to main two legs for greeks.
2026-03-04 14:59:44 [WARNING] Position reconstruction for ny040326145900b yielded no positions. Falling back to main two legs for greeks.
2026-03-04 14:59:44 [INFO] ⚠️ Using derived lot_size 65 for ny040326145900b snapshot (DB value missing/invalid).
2026-03-04 14:59:44 [INFO] 🔍 Found 0 orders in DB for trade ny040326145900b via get_orders_by_trade_id.
2026-03-04 14:59:44 [INFO] Found 0 filled orders for ny040326145900b in DB via get_orders_by_trade_id.
2026-03-04 14:59:44 [WARNING] No trade orders found for ny040326145900b to build snapshot.
2026-03-04 14:59:44 [WARNING] Position reconstruction for ny040326145900b yielded no positions. Falling back to main two legs for greeks.
2026-03-04 14:59:44 [INFO] ⚠️ Using derived lot_size 65 for ny040326145900b snapshot (DB value missing/invalid).
2026-03-04 14:59:44 [INFO] 🔍 Found 0 orders in DB for trade ny040326145900b via get_orders_by_trade_id.
2026-03-04 14:59:44 [INFO] Found 0 filled orders for ny040326145900b in DB via get_orders_by_trade_id.
2026-03-04 14:59:44 [WARNING] No trade orders found for ny040326145900b to build snapshot.
2026-03-04 14:59:44 [WARNING] Position reconstruction for ny040326145900b yielded no positions. Falling back to main two legs for greeks.
2026-03-04 14:59:45 [INFO] ⚠️ Using derived lot_size 65 for ny040326145900b snapshot (DB value missing/invalid).
2026-03-04 14:59:45 [INFO] 🔍 Found 0 orders in DB for trade ny040326145900b via get_orders_by_trade_id.
2026-03-04 14:59:45 [INFO] Found 0 filled orders for ny040326145900b in DB via get_orders_by_trade_id.
2026-03-04 14:59:45 [WARNING] No trade orders found for ny040326145900b to build snapshot.
2026-03-04 14:59:45 [WARNING] Position reconstruction for ny040326145900b yielded no positions. Falling back to main two legs for greeks.
2026-03-04 14:59:45 [INFO] ⚠️ Using derived lot_size 65 for ny040326145900b snapshot (DB value missing/invalid).
2026-03-04 14:59:45 [INFO] 🔍 Found 0 orders in DB for trade ny040326145900b via get_orders_by_trade_id.
2026-03-04 14:59:45 [INFO] Found 0 filled orders for ny040326145900b in DB via get_orders_by_trade_id.
2026-03-04 14:59:45 [WARNING] No trade orders found for ny040326145900b to build snapshot.
2026-03-04 14:59:45 [WARNING] Position reconstruction for ny040326145900b yielded no positions. Falling back to main two legs for greeks.
2026-03-04 14:59:45 [INFO] ⚠️ Using derived lot_size 65 for ny040326145900b snapshot (DB value missing/invalid).
2026-03-04 14:59:45 [INFO] 🔍 Found 0 orders in DB for trade ny040326145900b via get_orders_by_trade_id.
2026-03-04 14:59:45 [INFO] Found 0 filled orders for ny040326145900b in DB via get_orders_by_trade_id.
2026-03-04 14:59:45 [WARNING] No trade orders found for ny040326145900b to build snapshot.
2026-03-04 14:59:45 [WARNING] Position reconstruction for ny040326145900b yielded no positions. Falling back to main two legs for greeks.
2026-03-04 14:59:45 [INFO] ⚠️ Using derived lot_size 65 for ny040326145900b snapshot (DB value missing/invalid).
2026-03-04 14:59:45 [INFO] 🔍 Found 0 orders in DB for trade ny040326145900b via get_orders_by_trade_id.
2026-03-04 14:59:45 [INFO] Found 0 filled orders for ny040326145900b in DB via get_orders_by_trade_id.
2026-03-04 14:59:45 [WARNING] No trade orders found for ny040326145900b to build snapshot.
2026-03-04 14:59:45 [WARNING] Position reconstruction for ny040326145900b yielded no positions. Falling back to main two legs for greeks.
2026-03-04 14:59:46 [INFO] ⚠️ Using derived lot_size 65 for ny040326145900b snapshot (DB value missing/invalid).
2026-03-04 14:59:46 [INFO] 🔍 Found 0 orders in DB for trade ny040326145900b via get_orders_by_trade_id.
2026-03-04 14:59:46 [INFO] Found 0 filled orders for ny040326145900b in DB via get_orders_by_trade_id.
2026-03-04 14:59:46 [WARNING] No trade orders found for ny040326145900b to build snapshot.
2026-03-04 14:59:46 [WARNING] Position reconstruction for ny040326145900b yielded no positions. Falling back to main two legs for greeks.
2026-03-04 14:59:46 [INFO] ⚠️ Using derived lot_size 65 for ny040326145900b snapshot (DB value missing/invalid).
2026-03-04 14:59:46 [INFO] 🔍 Found 0 orders in DB for trade ny040326145900b via get_orders_by_trade_id.
2026-03-04 14:59:46 [INFO] Found 0 filled orders for ny040326145900b in DB via get_orders_by_trade_id.
2026-03-04 14:59:46 [WARNING] No trade orders found for ny040326145900b to build snapshot.
2026-03-04 14:59:46 [WARNING] Position reconstruction for ny040326145900b yielded no positions. Falling back to main two legs for greeks.
2026-03-04 14:59:46 [INFO] ⚠️ Using derived lot_size 65 for ny040326145900b snapshot (DB value missing/invalid).
2026-03-04 14:59:46 [INFO] 🔍 Found 0 orders in DB for trade ny040326145900b via get_orders_by_trade_id.
2026-03-04 14:59:46 [INFO] Found 0 filled orders for ny040326145900b in DB via get_orders_by_trade_id.
2026-03-04 14:59:46 [WARNING] No trade orders found for ny040326145900b to build snapshot.
2026-03-04 14:59:46 [WARNING] Position reconstruction for ny040326145900b yielded no positions. Falling back to main two legs for greeks.
2026-03-04 14:59:46 [INFO] ⚠️ Using derived lot_size 65 for ny040326145900b snapshot (DB value missing/invalid).
2026-03-04 14:59:46 [INFO] 🔍 Found 0 orders in DB for trade ny040326145900b via get_orders_by_trade_id.
2026-03-04 14:59:46 [INFO] Found 0 filled orders for ny040326145900b in DB via get_orders_by_trade_id.
2026-03-04 14:59:46 [WARNING] No trade orders found for ny040326145900b to build snapshot.
2026-03-04 14:59:46 [WARNING] Position reconstruction for ny040326145900b yielded no positions. Falling back to main two legs for greeks.
2026-03-04 14:59:47 [INFO] ⚠️ Using derived lot_size 65 for ny040326145900b snapshot (DB value missing/invalid).
2026-03-04 14:59:47 [INFO] 🔍 Found 0 orders in DB for trade ny040326145900b via get_orders_by_trade_id.
2026-03-04 14:59:47 [INFO] Found 0 filled orders for ny040326145900b in DB via get_orders_by_trade_id.
2026-03-04 14:59:47 [WARNING] No trade orders found for ny040326145900b to build snapshot.
2026-03-04 14:59:47 [WARNING] Position reconstruction for ny040326145900b yielded no positions. Falling back to main two legs for greeks.
2026-03-04 14:59:47 [INFO] ⚠️ Using derived lot_size 65 for ny040326145900b snapshot (DB value missing/invalid).
2026-03-04 14:59:47 [INFO] 🔍 Found 0 orders in DB for trade ny040326145900b via get_orders_by_trade_id.
2026-03-04 14:59:47 [INFO] Found 0 filled orders for ny040326145900b in DB via get_orders_by_trade_id.
2026-03-04 14:59:47 [WARNING] No trade orders found for ny040326145900b to build snapshot.
2026-03-04 14:59:47 [WARNING] Position reconstruction for ny040326145900b yielded no positions. Falling back to main two legs for greeks.
2026-03-04 14:59:47 [INFO] ⚠️ Using derived lot_size 65 for ny040326145900b snapshot (DB value missing/invalid).
2026-03-04 14:59:47 [INFO] 🔍 Found 0 orders in DB for trade ny040326145900b via get_orders_by_trade_id.
2026-03-04 14:59:47 [INFO] Found 0 filled orders for ny040326145900b in DB via get_orders_by_trade_id.
2026-03-04 14:59:47 [WARNING] No trade orders found for ny040326145900b to build snapshot.
2026-03-04 14:59:47 [INFO] ⚠️ Using derived lot_size 65 for ny040326145900b snapshot (DB value missing/invalid).
2026-03-04 14:59:47 [WARNING] Position reconstruction for ny040326145900b yielded no positions. Falling back to main two legs for greeks.
2026-03-04 14:59:47 [INFO] 🔍 Found 0 orders in DB for trade ny040326145900b via get_orders_by_trade_id.
2026-03-04 14:59:47 [INFO] Found 0 filled orders for ny040326145900b in DB via get_orders_by_trade_id.
2026-03-04 14:59:47 [WARNING] No trade orders found for ny040326145900b to build snapshot.
2026-03-04 14:59:47 [WARNING] Position reconstruction for ny040326145900b yielded no positions. Falling back to main two legs for greeks.
2026-03-04 14:59:48 [INFO] ⚠️ Using derived lot_size 65 for ny040326145900b snapshot (DB value missing/invalid).
2026-03-04 14:59:48 [INFO] ⚠️ Using derived lot_size 65 for ny040326145900b snapshot (DB value missing/invalid).
2026-03-04 14:59:48 [INFO] 🔍 Found 0 orders in DB for trade ny040326145900b via get_orders_by_trade_id.
2026-03-04 14:59:48 [INFO] 🔍 Found 0 orders in DB for trade ny040326145900b via get_orders_by_trade_id.
2026-03-04 14:59:48 [INFO] Found 0 filled orders for ny040326145900b in DB via get_orders_by_trade_id.
2026-03-04 14:59:48 [WARNING] No trade orders found for ny040326145900b to build snapshot.
2026-03-04 14:59:48 [INFO] Found 0 filled orders for ny040326145900b in DB via get_orders_by_trade_id.
2026-03-04 14:59:48 [WARNING] Position reconstruction for ny040326145900b yielded no positions. Falling back to main two legs for greeks.
2026-03-04 14:59:48 [WARNING] No trade orders found for ny040326145900b to build snapshot.
2026-03-04 14:59:48 [WARNING] Position reconstruction for ny040326145900b yielded no positions. Falling back to main two legs for greeks.
2026-03-04 14:59:48 [INFO] Received and updated option chain for NIFTY via WebSocket.
2026-03-04 14:59:48 [INFO] Received and updated option chain for NIFTY via WebSocket.
2026-03-04 14:59:48 [INFO] ⚠️ Using derived lot_size 65 for ny040326145900b snapshot (DB value missing/invalid).
2026-03-04 14:59:48 [INFO] ⚠️ Using derived lot_size 65 for ny040326145900b snapshot (DB value missing/invalid).
2026-03-04 14:59:48 [INFO] 🔍 Found 0 orders in DB for trade ny040326145900b via get_orders_by_trade_id.
2026-03-04 14:59:48 [INFO] 🔍 Found 0 orders in DB for trade ny040326145900b via get_orders_by_trade_id.
2026-03-04 14:59:48 [INFO] Found 0 filled orders for ny040326145900b in DB via get_orders_by_trade_id.
2026-03-04 14:59:48 [INFO] Found 0 filled orders for ny040326145900b in DB via get_orders_by_trade_id.
2026-03-04 14:59:48 [WARNING] No trade orders found for ny040326145900b to build snapshot.
2026-03-04 14:59:48 [WARNING] No trade orders found for ny040326145900b to build snapshot.
2026-03-04 14:59:48 [WARNING] Position reconstruction for ny040326145900b yielded no positions. Falling back to main two legs for greeks.
2026-03-04 14:59:48 [WARNING] Position reconstruction for ny040326145900b yielded no positions. Falling back to main two legs for greeks.
2026-03-04 14:59:49 [INFO] ⚠️ Using derived lot_size 65 for ny040326145900b snapshot (DB value missing/invalid).
2026-03-04 14:59:49 [INFO] 🔍 Found 0 orders in DB for trade ny040326145900b via get_orders_by_trade_id.
2026-03-04 14:59:49 [INFO] 🔍 Found 0 orders in DB for trade ny040326145900b via get_orders_by_trade_id.
2026-03-04 14:59:49 [INFO] Found 0 filled orders for ny040326145900b in DB via get_orders_by_trade_id.
2026-03-04 14:59:49 [INFO] Found 0 filled orders for ny040326145900b in DB via get_orders_by_trade_id.
2026-03-04 14:59:49 [WARNING] No trade orders found for ny040326145900b to build snapshot.
2026-03-04 14:59:49 [WARNING] No trade orders found for ny040326145900b to build snapshot.
2026-03-04 14:59:49 [WARNING] Position reconstruction for ny040326145900b yielded no positions. Falling back to main two legs for greeks.
2026-03-04 14:59:49 [WARNING] Position reconstruction for ny040326145900b yielded no positions. Falling back to main two legs for greeks.
2026-03-04 14:59:49 [INFO] ⚠️ Using derived lot_size 65 for ny040326145900b snapshot (DB value missing/invalid).
2026-03-04 14:59:49 [INFO] ⚠️ Using derived lot_size 65 for ny040326145900b snapshot (DB value missing/invalid).
2026-03-04 14:59:49 [INFO] 🔍 Found 0 orders in DB for trade ny040326145900b via get_orders_by_trade_id.
2026-03-04 14:59:49 [INFO] Found 0 filled orders for ny040326145900b in DB via get_orders_by_trade_id.
2026-03-04 14:59:49 [WARNING] No trade orders found for ny040326145900b to build snapshot.
2026-03-04 14:59:49 [WARNING] Position reconstruction for ny040326145900b yielded no positions. Falling back to main two legs for greeks.
2026-03-04 14:59:49 [INFO] 🔍 Found 0 orders in DB for trade ny040326145900b via get_orders_by_trade_id.
2026-03-04 14:59:49 [INFO] Found 0 filled orders for ny040326145900b in DB via get_orders_by_trade_id.
2026-03-04 14:59:49 [WARNING] No trade orders found for ny040326145900b to build snapshot.
2026-03-04 14:59:49 [WARNING] Position reconstruction for ny040326145900b yielded no positions. Falling back to main two legs for greeks.
2026-03-04 14:59:50 [INFO] ⚠️ Using derived lot_size 65 for ny040326145900b snapshot (DB value missing/invalid).
2026-03-04 14:59:50 [INFO] ⚠️ Using derived lot_size 65 for ny040326145900b snapshot (DB value missing/invalid).
2026-03-04 14:59:50 [INFO] 🔍 Found 0 orders in DB for trade ny040326145900b via get_orders_by_trade_id.
2026-03-04 14:59:50 [INFO] Found 0 filled orders for ny040326145900b in DB via get_orders_by_trade_id.
2026-03-04 14:59:50 [WARNING] No trade orders found for ny040326145900b to build snapshot.
2026-03-04 14:59:50 [WARNING] Position reconstruction for ny040326145900b yielded no positions. Falling back to main two legs for greeks.
2026-03-04 14:59:50 [INFO] 🔍 Found 0 orders in DB for trade ny040326145900b via get_orders_by_trade_id.
2026-03-04 14:59:50 [INFO] Found 0 filled orders for ny040326145900b in DB via get_orders_by_trade_id.
2026-03-04 14:59:50 [WARNING] No trade orders found for ny040326145900b to build snapshot.
2026-03-04 14:59:50 [WARNING] Position reconstruction for ny040326145900b yielded no positions. Falling back to main two legs for greeks.
2026-03-04 14:59:50 [INFO] Received and updated option chain for SENSEX via WebSocket.
2026-03-04 14:59:50 [INFO] Received and updated option chain for SENSEX via WebSocket.
2026-03-04 14:59:51 [INFO] ⚠️ Using derived lot_size 65 for ny040326145900b snapshot (DB value missing/invalid).
2026-03-04 14:59:51 [INFO] ⚠️ Using derived lot_size 65 for ny040326145900b snapshot (DB value missing/invalid).
2026-03-04 14:59:51 [INFO] 🔍 Found 0 orders in DB for trade ny040326145900b via get_orders_by_trade_id.
2026-03-04 14:59:51 [INFO] Found 0 filled orders for ny040326145900b in DB via get_orders_by_trade_id.
2026-03-04 14:59:51 [WARNING] No trade orders found for ny040326145900b to build snapshot.
2026-03-04 14:59:51 [WARNING] Position reconstruction for ny040326145900b yielded no positions. Falling back to main two legs for greeks.
2026-03-04 14:59:51 [INFO] 🔍 Found 0 orders in DB for trade ny040326145900b via get_orders_by_trade_id.
2026-03-04 14:59:51 [INFO] Found 0 filled orders for ny040326145900b in DB via get_orders_by_trade_id.
2026-03-04 14:59:51 [WARNING] No trade orders found for ny040326145900b to build snapshot.
2026-03-04 14:59:51 [WARNING] Position reconstruction for ny040326145900b yielded no positions. Falling back to main two legs for greeks.
2026-03-04 14:59:51 [INFO] ⚠️ Using derived lot_size 65 for ny040326145900b snapshot (DB value missing/invalid).
2026-03-04 14:59:51 [INFO] ⚠️ Using derived lot_size 65 for ny040326145900b snapshot (DB value missing/invalid).
2026-03-04 14:59:51 [INFO] 🔍 Found 0 orders in DB for trade ny040326145900b via get_orders_by_trade_id.
2026-03-04 14:59:51 [INFO] 🔍 Found 0 orders in DB for trade ny040326145900b via get_orders_by_trade_id.
2026-03-04 14:59:51 [INFO] Found 0 filled orders for ny040326145900b in DB via get_orders_by_trade_id.
2026-03-04 14:59:51 [INFO] Found 0 filled orders for ny040326145900b in DB via get_orders_by_trade_id.
2026-03-04 14:59:51 [WARNING] No trade orders found for ny040326145900b to build snapshot.
2026-03-04 14:59:51 [WARNING] No trade orders found for ny040326145900b to build snapshot.
2026-03-04 14:59:51 [WARNING] Position reconstruction for ny040326145900b yielded no positions. Falling back to main two legs for greeks.
2026-03-04 14:59:51 [WARNING] Position reconstruction for ny040326145900b yielded no positions. Falling back to main two legs for greeks.
2026-03-04 14:59:52 [INFO] ⚠️ Using derived lot_size 65 for ny040326145900b snapshot (DB value missing/invalid).
2026-03-04 14:59:52 [INFO] ⚠️ Using derived lot_size 65 for ny040326145900b snapshot (DB value missing/invalid).
2026-03-04 14:59:52 [INFO] 🔍 Found 0 orders in DB for trade ny040326145900b via get_orders_by_trade_id.
2026-03-04 14:59:52 [INFO] 🔍 Found 0 orders in DB for trade ny040326145900b via get_orders_by_trade_id.
2026-03-04 14:59:52 [INFO] Found 0 filled orders for ny040326145900b in DB via get_orders_by_trade_id.
2026-03-04 14:59:52 [WARNING] No trade orders found for ny040326145900b to build snapshot.
2026-03-04 14:59:52 [INFO] Found 0 filled orders for ny040326145900b in DB via get_orders_by_trade_id.
2026-03-04 14:59:52 [WARNING] No trade orders found for ny040326145900b to build snapshot.
2026-03-04 14:59:52 [WARNING] Position reconstruction for ny040326145900b yielded no positions. Falling back to main two legs for greeks.
2026-03-04 14:59:52 [WARNING] Position reconstruction for ny040326145900b yielded no positions. Falling back to main two legs for greeks.
2026-03-04 14:59:52 [INFO] ⚠️ Using derived lot_size 65 for ny040326145900b snapshot (DB value missing/invalid).
2026-03-04 14:59:52 [INFO] ⚠️ Using derived lot_size 65 for ny040326145900b snapshot (DB value missing/invalid).
2026-03-04 14:59:52 [INFO] 🔍 Found 0 orders in DB for trade ny040326145900b via get_orders_by_trade_id.
2026-03-04 14:59:52 [INFO] 🔍 Found 0 orders in DB for trade ny040326145900b via get_orders_by_trade_id.
2026-03-04 14:59:52 [INFO] Found 0 filled orders for ny040326145900b in DB via get_orders_by_trade_id.
2026-03-04 14:59:52 [INFO] Found 0 filled orders for ny040326145900b in DB via get_orders_by_trade_id.
2026-03-04 14:59:52 [WARNING] No trade orders found for ny040326145900b to build snapshot.
2026-03-04 14:59:52 [WARNING] No trade orders found for ny040326145900b to build snapshot.
2026-03-04 14:59:52 [WARNING] Position reconstruction for ny040326145900b yielded no positions. Falling back to main two legs for greeks.
2026-03-04 14:59:52 [WARNING] Position reconstruction for ny040326145900b yielded no positions. Falling back to main two legs for greeks.
2026-03-04 14:59:53 [INFO] ⚠️ Using derived lot_size 65 for ny040326145900b snapshot (DB value missing/invalid).
2026-03-04 14:59:53 [INFO] ⚠️ Using derived lot_size 65 for ny040326145900b snapshot (DB value missing/invalid).
2026-03-04 14:59:53 [INFO] 🔍 Found 0 orders in DB for trade ny040326145900b via get_orders_by_trade_id.
2026-03-04 14:59:53 [INFO] 🔍 Found 0 orders in DB for trade ny040326145900b via get_orders_by_trade_id.
2026-03-04 14:59:53 [INFO] Found 0 filled orders for ny040326145900b in DB via get_orders_by_trade_id.
2026-03-04 14:59:53 [WARNING] No trade orders found for ny040326145900b to build snapshot.
2026-03-04 14:59:53 [INFO] Found 0 filled orders for ny040326145900b in DB via get_orders_by_trade_id.
2026-03-04 14:59:53 [WARNING] Position reconstruction for ny040326145900b yielded no positions. Falling back to main two legs for greeks.
2026-03-04 14:59:53 [WARNING] No trade orders found for ny040326145900b to build snapshot.
2026-03-04 14:59:53 [WARNING] Position reconstruction for ny040326145900b yielded no positions. Falling back to main two legs for greeks.
2026-03-04 14:59:53 [INFO] ⚠️ Using derived lot_size 65 for ny040326145900b snapshot (DB value missing/invalid).
2026-03-04 14:59:53 [INFO] 🔍 Found 0 orders in DB for trade ny040326145900b via get_orders_by_trade_id.
2026-03-04 14:59:53 [INFO] Found 0 filled orders for ny040326145900b in DB via get_orders_by_trade_id.
2026-03-04 14:59:53 [WARNING] No trade orders found for ny040326145900b to build snapshot.
2026-03-04 14:59:53 [WARNING] Position reconstruction for ny040326145900b yielded no positions. Falling back to main two legs for greeks.
2026-03-04 14:59:53 [INFO] ⚠️ Using derived lot_size 65 for ny040326145900b snapshot (DB value missing/invalid).
2026-03-04 14:59:53 [INFO] 🔍 Found 0 orders in DB for trade ny040326145900b via get_orders_by_trade_id.
2026-03-04 14:59:53 [INFO] Found 0 filled orders for ny040326145900b in DB via get_orders_by_trade_id.
2026-03-04 14:59:53 [WARNING] No trade orders found for ny040326145900b to build snapshot.
2026-03-04 14:59:53 [WARNING] Position reconstruction for ny040326145900b yielded no positions. Falling back to main two legs for greeks.
2026-03-04 14:59:54 [INFO] ⚠️ Using derived lot_size 65 for ny040326145900b snapshot (DB value missing/invalid).
2026-03-04 14:59:54 [INFO] ⚠️ Using derived lot_size 65 for ny040326145900b snapshot (DB value missing/invalid).
2026-03-04 14:59:54 [INFO] 🔍 Found 0 orders in DB for trade ny040326145900b via get_orders_by_trade_id.
2026-03-04 14:59:54 [INFO] 🔍 Found 0 orders in DB for trade ny040326145900b via get_orders_by_trade_id.
2026-03-04 14:59:54 [INFO] Found 0 filled orders for ny040326145900b in DB via get_orders_by_trade_id.
2026-03-04 14:59:54 [INFO] Found 0 filled orders for ny040326145900b in DB via get_orders_by_trade_id.
2026-03-04 14:59:54 [WARNING] No trade orders found for ny040326145900b to build snapshot.
2026-03-04 14:59:54 [WARNING] No trade orders found for ny040326145900b to build snapshot.
2026-03-04 14:59:54 [WARNING] Position reconstruction for ny040326145900b yielded no positions. Falling back to main two legs for greeks.
2026-03-04 14:59:54 [WARNING] Position reconstruction for ny040326145900b yielded no positions. Falling back to main two legs for greeks.
2026-03-04 14:59:54 [INFO] ⚠️ Using derived lot_size 65 for ny040326145900b snapshot (DB value missing/invalid).
2026-03-04 14:59:54 [INFO] ⚠️ Using derived lot_size 65 for ny040326145900b snapshot (DB value missing/invalid).
2026-03-04 14:59:54 [INFO] 🔍 Found 0 orders in DB for trade ny040326145900b via get_orders_by_trade_id.
2026-03-04 14:59:54 [INFO] 🔍 Found 0 orders in DB for trade ny040326145900b via get_orders_by_trade_id.
2026-03-04 14:59:54 [INFO] Found 0 filled orders for ny040326145900b in DB via get_orders_by_trade_id.
2026-03-04 14:59:54 [INFO] Found 0 filled orders for ny040326145900b in DB via get_orders_by_trade_id.
2026-03-04 14:59:54 [WARNING] No trade orders found for ny040326145900b to build snapshot.
2026-03-04 14:59:54 [WARNING] No trade orders found for ny040326145900b to build snapshot.
2026-03-04 14:59:54 [WARNING] Position reconstruction for ny040326145900b yielded no positions. Falling back to main two legs for greeks.
2026-03-04 14:59:54 [WARNING] Position reconstruction for ny040326145900b yielded no positions. Falling back to main two legs for greeks.
2026-03-04 14:59:55 [INFO] ⚠️ Using derived lot_size 65 for ny040326145900b snapshot (DB value missing/invalid).
2026-03-04 14:59:55 [INFO] ⚠️ Using derived lot_size 65 for ny040326145900b snapshot (DB value missing/invalid).
2026-03-04 14:59:55 [INFO] 🔍 Found 0 orders in DB for trade ny040326145900b via get_orders_by_trade_id.
2026-03-04 14:59:55 [INFO] 🔍 Found 0 orders in DB for trade ny040326145900b via get_orders_by_trade_id.
2026-03-04 14:59:55 [INFO] Found 0 filled orders for ny040326145900b in DB via get_orders_by_trade_id.
2026-03-04 14:59:55 [INFO] Found 0 filled orders for ny040326145900b in DB via get_orders_by_trade_id.
2026-03-04 14:59:55 [WARNING] No trade orders found for ny040326145900b to build snapshot.
2026-03-04 14:59:55 [WARNING] No trade orders found for ny040326145900b to build snapshot.
2026-03-04 14:59:55 [WARNING] Position reconstruction for ny040326145900b yielded no positions. Falling back to main two legs for greeks.
2026-03-04 14:59:55 [WARNING] Position reconstruction for ny040326145900b yielded no positions. Falling back to main two legs for greeks.
2026-03-04 14:59:55 [INFO] ⚠️ Using derived lot_size 65 for ny040326145900b snapshot (DB value missing/invalid).
2026-03-04 14:59:55 [INFO] ⚠️ Using derived lot_size 65 for ny040326145900b snapshot (DB value missing/invalid).
2026-03-04 14:59:55 [INFO] 🔍 Found 0 orders in DB for trade ny040326145900b via get_orders_by_trade_id.
2026-03-04 14:59:55 [INFO] 🔍 Found 0 orders in DB for trade ny040326145900b via get_orders_by_trade_id.
2026-03-04 14:59:55 [INFO] Found 0 filled orders for ny040326145900b in DB via get_orders_by_trade_id.
2026-03-04 14:59:55 [INFO] Found 0 filled orders for ny040326145900b in DB via get_orders_by_trade_id.
2026-03-04 14:59:55 [WARNING] No trade orders found for ny040326145900b to build snapshot.
2026-03-04 14:59:55 [WARNING] No trade orders found for ny040326145900b to build snapshot.
2026-03-04 14:59:55 [WARNING] Position reconstruction for ny040326145900b yielded no positions. Falling back to main two legs for greeks.
2026-03-04 14:59:55 [WARNING] Position reconstruction for ny040326145900b yielded no positions. Falling back to main two legs for greeks.
2026-03-04 14:59:56 [INFO] ⚠️ Using derived lot_size 65 for ny040326145900b snapshot (DB value missing/invalid).
2026-03-04 14:59:56 [INFO] ⚠️ Using derived lot_size 65 for ny040326145900b snapshot (DB value missing/invalid).
2026-03-04 14:59:56 [INFO] 🔍 Found 0 orders in DB for trade ny040326145900b via get_orders_by_trade_id.
2026-03-04 14:59:56 [INFO] 🔍 Found 0 orders in DB for trade ny040326145900b via get_orders_by_trade_id.
2026-03-04 14:59:56 [INFO] Found 0 filled orders for ny040326145900b in DB via get_orders_by_trade_id.
2026-03-04 14:59:56 [INFO] Found 0 filled orders for ny040326145900b in DB via get_orders_by_trade_id.
2026-03-04 14:59:56 [WARNING] No trade orders found for ny040326145900b to build snapshot.
2026-03-04 14:59:56 [WARNING] No trade orders found for ny040326145900b to build snapshot.
2026-03-04 14:59:56 [WARNING] Position reconstruction for ny040326145900b yielded no positions. Falling back to main two legs for greeks.
2026-03-04 14:59:56 [WARNING] Position reconstruction for ny040326145900b yielded no positions. Falling back to main two legs for greeks.
2026-03-04 14:59:57 [INFO] ⚠️ Using derived lot_size 65 for ny040326145900b snapshot (DB value missing/invalid).
2026-03-04 14:59:57 [INFO] 🔍 Found 0 orders in DB for trade ny040326145900b via get_orders_by_trade_id.
2026-03-04 14:59:57 [INFO] Found 0 filled orders for ny040326145900b in DB via get_orders_by_trade_id.
2026-03-04 14:59:57 [WARNING] No trade orders found for ny040326145900b to build snapshot.
2026-03-04 14:59:57 [WARNING] Position reconstruction for ny040326145900b yielded no positions. Falling back to main two legs for greeks.
2026-03-04 14:59:57 [INFO] ⚠️ Using derived lot_size 65 for ny040326145900b snapshot (DB value missing/invalid).
2026-03-04 14:59:57 [INFO] 🔍 Found 0 orders in DB for trade ny040326145900b via get_orders_by_trade_id.
2026-03-04 14:59:57 [INFO] Found 0 filled orders for ny040326145900b in DB via get_orders_by_trade_id.
2026-03-04 14:59:57 [WARNING] No trade orders found for ny040326145900b to build snapshot.
2026-03-04 14:59:57 [WARNING] Position reconstruction for ny040326145900b yielded no positions. Falling back to main two legs for greeks.
2026-03-04 14:59:57 [INFO] ⚠️ Using derived lot_size 65 for ny040326145900b snapshot (DB value missing/invalid).
2026-03-04 14:59:57 [INFO] ⚠️ Using derived lot_size 65 for ny040326145900b snapshot (DB value missing/invalid).
2026-03-04 14:59:57 [INFO] 🔍 Found 0 orders in DB for trade ny040326145900b via get_orders_by_trade_id.
2026-03-04 14:59:57 [INFO] Found 0 filled orders for ny040326145900b in DB via get_orders_by_trade_id.
2026-03-04 14:59:57 [WARNING] No trade orders found for ny040326145900b to build snapshot.
2026-03-04 14:59:57 [INFO] 🔍 Found 0 orders in DB for trade ny040326145900b via get_orders_by_trade_id.
2026-03-04 14:59:57 [WARNING] Position reconstruction for ny040326145900b yielded no positions. Falling back to main two legs for greeks.
2026-03-04 14:59:57 [INFO] Found 0 filled orders for ny040326145900b in DB via get_orders_by_trade_id.
2026-03-04 14:59:57 [WARNING] No trade orders found for ny040326145900b to build snapshot.
2026-03-04 14:59:57 [WARNING] Position reconstruction for ny040326145900b yielded no positions. Falling back to main two legs for greeks.
2026-03-04 14:59:58 [INFO] ⚠️ Using derived lot_size 65 for ny040326145900b snapshot (DB value missing/invalid).
2026-03-04 14:59:58 [INFO] ⚠️ Using derived lot_size 65 for ny040326145900b snapshot (DB value missing/invalid).
2026-03-04 14:59:58 [INFO] 🔍 Found 0 orders in DB for trade ny040326145900b via get_orders_by_trade_id.
2026-03-04 14:59:58 [INFO] 🔍 Found 0 orders in DB for trade ny040326145900b via get_orders_by_trade_id.
2026-03-04 14:59:58 [INFO] Found 0 filled orders for ny040326145900b in DB via get_orders_by_trade_id.
2026-03-04 14:59:58 [WARNING] No trade orders found for ny040326145900b to build snapshot.
2026-03-04 14:59:58 [INFO] Found 0 filled orders for ny040326145900b in DB via get_orders_by_trade_id.
2026-03-04 14:59:58 [WARNING] Position reconstruction for ny040326145900b yielded no positions. Falling back to main two legs for greeks.
2026-03-04 14:59:58 [WARNING] No trade orders found for ny040326145900b to build snapshot.
2026-03-04 14:59:58 [WARNING] Position reconstruction for ny040326145900b yielded no positions. Falling back to main two legs for greeks.
2026-03-04 14:59:58 [INFO] 🛑 Shutting down trade process for ny040326145900b.
2026-03-04 14:59:58 [INFO] 🛑 Shutting down trade process for ny040326145900b.
2026-03-04 14:59:58 [INFO] 🛑 Stopping all monitors for trade: ny040326145900b
2026-03-04 14:59:58 [INFO] 🛑 Stopping all monitors for trade: ny040326145900b
2026-03-04 14:59:58 [INFO] 🛑 SLMonitor disabled: ny040326145900b
2026-03-04 14:59:58 [INFO] 🛑 HedgeMonitor disabled for ny040326145900b.
2026-03-04 14:59:58 [INFO] 🛑 SLMonitor disabled: ny040326145900b
2026-03-04 14:59:58 [INFO] 🛑 RollMonitor disabled: ny040326145900b
2026-03-04 14:59:58 [INFO] 🛑 HedgeMonitor disabled for ny040326145900b.
2026-03-04 14:59:58 [INFO] 🛑 SquareOffMonitor disabled for ny040326145900b
2026-03-04 14:59:58 [INFO] 🛑 RollMonitor disabled: ny040326145900b
2026-03-04 14:59:58 [INFO] 🛑 StraddlePriceMonitor disabled: ny040326145900b
2026-03-04 14:59:58 [INFO] 🛑 SquareOffMonitor disabled for ny040326145900b
2026-03-04 14:59:58 [INFO] 🛑 StraddlePriceMonitor disabled: ny040326145900b
2026-03-04 14:59:58 [INFO] ✅ Market Data Client closed.
2026-03-04 14:59:58 [INFO] ✅ Market Data Client closed.
2026-03-04 14:59:58 [INFO] 🔒 Database closed
2026-03-04 14:59:58 [INFO] ✅ Process for ny040326145900b finished.
2026-03-04 14:59:58 [INFO] 🔒 Database closed
2026-03-04 14:59:58 [INFO] ✅ Process for ny040326145900b finished.
2026-03-04 14:59:58 [INFO] Price sync loop cancelled.
2026-03-04 14:59:58 [INFO] Price sync loop cancelled.
