2026-03-04 15:00:14 [INFO] 🚀 Process for trade ny040326145900a started.
2026-03-04 15:00:14 [INFO] 🚀 Process for trade ny040326145900a started.
2026-03-04 15:00:14 [INFO] ✅ Database initialized
2026-03-04 15:00:14 [INFO] ✅ Market Data Client initialized.
2026-03-04 15:00:14 [INFO] ✅ SLMonitor initialized: ny040326145900a
2026-03-04 15:00:14 [INFO]    SL BPS: 14.0 (0.14%) of spot price
2026-03-04 15:00:14 [INFO]    Check Interval: 60.0s
2026-03-04 15:00:14 [INFO] ✅ Database initialized
2026-03-04 15:00:14 [INFO] ✅ RollMonitor initialized: ny040326145900a
2026-03-04 15:00:14 [INFO] ✅ Market Data Client initialized.
2026-03-04 15:00:14 [INFO]    Check Interval: 60.0s
2026-03-04 15:00:14 [INFO] ✅ SLMonitor initialized: ny040326145900a
2026-03-04 15:00:14 [INFO]    SL BPS: 14.0 (0.14%) of spot price
2026-03-04 15:00:14 [INFO]    Check Interval: 60.0s
2026-03-04 15:00:14 [INFO] ✅ RollMonitor initialized: ny040326145900a
2026-03-04 15:00:14 [INFO]    Check Interval: 60.0s
2026-03-04 15:00:14 [INFO] ✅ SquareOffMonitor initialized for ny040326145900a at 15:27:00
2026-03-04 15:00:14 [INFO] ✅ StraddlePriceMonitor initialized: ny040326145900a
2026-03-04 15:00:14 [INFO] ✅ All monitors initialized for ny040326145900a
2026-03-04 15:00:14 [INFO] ✅ TradeManager created: ny040326145900a
2026-03-04 15:00:14 [INFO] 📊 Starting all monitors for new trade: ny040326145900a
2026-03-04 15:00:14 [INFO] ✅ SquareOffMonitor initialized for ny040326145900a at 15:27:00
2026-03-04 15:00:14 [INFO] 🛡️ SLMonitor enabled: ny040326145900a
2026-03-04 15:00:14 [INFO] ✅ StraddlePriceMonitor initialized: ny040326145900a
2026-03-04 15:00:14 [INFO] ✅ HedgeMonitor enabled for ny040326145900a. Checks will be orchestrated.
2026-03-04 15:00:14 [INFO] ✅ All monitors initialized for ny040326145900a
2026-03-04 15:00:14 [INFO] 🔄 RollMonitor enabled: ny040326145900a
2026-03-04 15:00:14 [INFO] ✅ TradeManager created: ny040326145900a
2026-03-04 15:00:14 [INFO] ⏹️ SquareOffMonitor enabled: ny040326145900a
2026-03-04 15:00:14 [INFO] 📊 Starting all monitors for new trade: ny040326145900a
2026-03-04 15:00:14 [INFO] 🛡️ SLMonitor enabled: ny040326145900a
2026-03-04 15:00:14 [INFO] ✅ HedgeMonitor enabled for ny040326145900a. Checks will be orchestrated.
2026-03-04 15:00:14 [INFO] 🔄 RollMonitor enabled: ny040326145900a
2026-03-04 15:00:14 [INFO] 🎯 StraddlePriceMonitor enabled: ny040326145900a | Initial HWM: 508.49
2026-03-04 15:00:14 [INFO] ⏹️ SquareOffMonitor enabled: ny040326145900a
2026-03-04 15:00:14 [INFO] 🎯 StraddlePriceMonitor enabled: ny040326145900a | Initial HWM: 508.49
2026-03-04 15:00:14 [INFO] 🚀 Connecting to Market Data Service stream at ws://127.0.0.1:8001/ws/data...
2026-03-04 15:00:14 [INFO] Handshake headers being sent: {'Origin': 'http://127.0.0.1'}
2026-03-04 15:00:14 [INFO] 🚀 Connecting to Market Data Service stream at ws://127.0.0.1:8001/ws/data...
2026-03-04 15:00:14 [INFO] Handshake headers being sent: {'Origin': 'http://127.0.0.1'}
2026-03-04 15:00:15 [INFO] ⚠️ Using derived lot_size 65 for ny040326145900a snapshot (DB value missing/invalid).
2026-03-04 15:00:15 [INFO] ⚠️ Using derived lot_size 65 for ny040326145900a snapshot (DB value missing/invalid).
2026-03-04 15:00:15 [INFO] 🔍 Found 0 orders in DB for trade ny040326145900a via get_orders_by_trade_id.
2026-03-04 15:00:15 [INFO] Found 0 filled orders for ny040326145900a in DB via get_orders_by_trade_id.
2026-03-04 15:00:15 [WARNING] No trade orders found for ny040326145900a to build snapshot.
2026-03-04 15:00:15 [INFO] 🔍 Found 0 orders in DB for trade ny040326145900a via get_orders_by_trade_id.
2026-03-04 15:00:15 [WARNING] Position reconstruction for ny040326145900a yielded no positions. Falling back to main two legs for greeks.
2026-03-04 15:00:15 [INFO] Found 0 filled orders for ny040326145900a in DB via get_orders_by_trade_id.
2026-03-04 15:00:15 [WARNING] No trade orders found for ny040326145900a to build snapshot.
2026-03-04 15:00:15 [WARNING] Position reconstruction for ny040326145900a yielded no positions. Falling back to main two legs for greeks.
2026-03-04 15:00:15 [INFO] ✅ Connected to Market Data Service real-time stream.
2026-03-04 15:00:15 [INFO] ✅ Connected to Market Data Service real-time stream.
2026-03-04 15:00:15 [INFO] ⚠️ Using derived lot_size 65 for ny040326145900a snapshot (DB value missing/invalid).
2026-03-04 15:00:15 [INFO] ⚠️ Using derived lot_size 65 for ny040326145900a snapshot (DB value missing/invalid).
2026-03-04 15:00:15 [INFO] 🔍 Found 0 orders in DB for trade ny040326145900a via get_orders_by_trade_id.
2026-03-04 15:00:15 [INFO] 🔍 Found 0 orders in DB for trade ny040326145900a via get_orders_by_trade_id.
2026-03-04 15:00:15 [INFO] Found 0 filled orders for ny040326145900a in DB via get_orders_by_trade_id.
2026-03-04 15:00:15 [INFO] Found 0 filled orders for ny040326145900a in DB via get_orders_by_trade_id.
2026-03-04 15:00:15 [WARNING] No trade orders found for ny040326145900a to build snapshot.
2026-03-04 15:00:15 [WARNING] No trade orders found for ny040326145900a to build snapshot.
2026-03-04 15:00:15 [WARNING] Position reconstruction for ny040326145900a yielded no positions. Falling back to main two legs for greeks.
2026-03-04 15:00:15 [WARNING] Position reconstruction for ny040326145900a yielded no positions. Falling back to main two legs for greeks.
2026-03-04 15:00:16 [INFO] ⚠️ Using derived lot_size 65 for ny040326145900a snapshot (DB value missing/invalid).
2026-03-04 15:00:16 [INFO] ⚠️ Using derived lot_size 65 for ny040326145900a snapshot (DB value missing/invalid).
2026-03-04 15:00:16 [INFO] 🔍 Found 0 orders in DB for trade ny040326145900a via get_orders_by_trade_id.
2026-03-04 15:00:16 [INFO] 🔍 Found 0 orders in DB for trade ny040326145900a via get_orders_by_trade_id.
2026-03-04 15:00:16 [INFO] Found 0 filled orders for ny040326145900a in DB via get_orders_by_trade_id.
2026-03-04 15:00:16 [WARNING] No trade orders found for ny040326145900a to build snapshot.
2026-03-04 15:00:16 [INFO] Found 0 filled orders for ny040326145900a in DB via get_orders_by_trade_id.
2026-03-04 15:00:16 [WARNING] Position reconstruction for ny040326145900a yielded no positions. Falling back to main two legs for greeks.
2026-03-04 15:00:16 [WARNING] No trade orders found for ny040326145900a to build snapshot.
2026-03-04 15:00:16 [WARNING] Position reconstruction for ny040326145900a yielded no positions. Falling back to main two legs for greeks.
2026-03-04 15:00:16 [INFO] ⚠️ Using derived lot_size 65 for ny040326145900a snapshot (DB value missing/invalid).
2026-03-04 15:00:16 [INFO] ⚠️ Using derived lot_size 65 for ny040326145900a snapshot (DB value missing/invalid).
2026-03-04 15:00:16 [INFO] 🔍 Found 0 orders in DB for trade ny040326145900a via get_orders_by_trade_id.
2026-03-04 15:00:16 [INFO] 🔍 Found 0 orders in DB for trade ny040326145900a via get_orders_by_trade_id.
2026-03-04 15:00:16 [INFO] Found 0 filled orders for ny040326145900a in DB via get_orders_by_trade_id.
2026-03-04 15:00:16 [INFO] Found 0 filled orders for ny040326145900a in DB via get_orders_by_trade_id.
2026-03-04 15:00:16 [WARNING] No trade orders found for ny040326145900a to build snapshot.
2026-03-04 15:00:16 [WARNING] No trade orders found for ny040326145900a to build snapshot.
2026-03-04 15:00:16 [WARNING] Position reconstruction for ny040326145900a yielded no positions. Falling back to main two legs for greeks.
2026-03-04 15:00:16 [WARNING] Position reconstruction for ny040326145900a yielded no positions. Falling back to main two legs for greeks.
2026-03-04 15:00:17 [INFO] ⚠️ Using derived lot_size 65 for ny040326145900a snapshot (DB value missing/invalid).
2026-03-04 15:00:17 [INFO] ⚠️ Using derived lot_size 65 for ny040326145900a snapshot (DB value missing/invalid).
2026-03-04 15:00:17 [INFO] 🔍 Found 0 orders in DB for trade ny040326145900a via get_orders_by_trade_id.
2026-03-04 15:00:17 [INFO] 🔍 Found 0 orders in DB for trade ny040326145900a via get_orders_by_trade_id.
2026-03-04 15:00:17 [INFO] Found 0 filled orders for ny040326145900a in DB via get_orders_by_trade_id.
2026-03-04 15:00:17 [WARNING] No trade orders found for ny040326145900a to build snapshot.
2026-03-04 15:00:17 [WARNING] No trade orders found for ny040326145900a to build snapshot.
2026-03-04 15:00:17 [WARNING] Position reconstruction for ny040326145900a yielded no positions. Falling back to main two legs for greeks.
2026-03-04 15:00:17 [WARNING] Position reconstruction for ny040326145900a yielded no positions. Falling back to main two legs for greeks.
2026-03-04 15:00:17 [INFO] Received and updated option chain for NIFTY via WebSocket.
2026-03-04 15:00:17 [INFO] Received and updated option chain for NIFTY via WebSocket.
2026-03-04 15:00:17 [INFO] ⚠️ Using derived lot_size 65 for ny040326145900a snapshot (DB value missing/invalid).
2026-03-04 15:00:17 [INFO] ⚠️ Using derived lot_size 65 for ny040326145900a snapshot (DB value missing/invalid).
2026-03-04 15:00:17 [INFO] 🔍 Found 0 orders in DB for trade ny040326145900a via get_orders_by_trade_id.
2026-03-04 15:00:17 [INFO] 🔍 Found 0 orders in DB for trade ny040326145900a via get_orders_by_trade_id.
2026-03-04 15:00:17 [INFO] Found 0 filled orders for ny040326145900a in DB via get_orders_by_trade_id.
2026-03-04 15:00:17 [INFO] Found 0 filled orders for ny040326145900a in DB via get_orders_by_trade_id.
2026-03-04 15:00:17 [WARNING] No trade orders found for ny040326145900a to build snapshot.
2026-03-04 15:00:17 [WARNING] No trade orders found for ny040326145900a to build snapshot.
2026-03-04 15:00:17 [WARNING] Position reconstruction for ny040326145900a yielded no positions. Falling back to main two legs for greeks.
2026-03-04 15:00:17 [WARNING] Position reconstruction for ny040326145900a yielded no positions. Falling back to main two legs for greeks.
2026-03-04 15:00:18 [INFO] ⚠️ Using derived lot_size 65 for ny040326145900a snapshot (DB value missing/invalid).
2026-03-04 15:00:18 [INFO] ⚠️ Using derived lot_size 65 for ny040326145900a snapshot (DB value missing/invalid).
2026-03-04 15:00:18 [INFO] 🔍 Found 0 orders in DB for trade ny040326145900a via get_orders_by_trade_id.
2026-03-04 15:00:18 [INFO] 🔍 Found 0 orders in DB for trade ny040326145900a via get_orders_by_trade_id.
2026-03-04 15:00:18 [INFO] Found 0 filled orders for ny040326145900a in DB via get_orders_by_trade_id.
2026-03-04 15:00:18 [INFO] Found 0 filled orders for ny040326145900a in DB via get_orders_by_trade_id.
2026-03-04 15:00:18 [WARNING] No trade orders found for ny040326145900a to build snapshot.
2026-03-04 15:00:18 [WARNING] No trade orders found for ny040326145900a to build snapshot.
2026-03-04 15:00:18 [WARNING] Position reconstruction for ny040326145900a yielded no positions. Falling back to main two legs for greeks.
2026-03-04 15:00:18 [WARNING] Position reconstruction for ny040326145900a yielded no positions. Falling back to main two legs for greeks.
2026-03-04 15:00:18 [ERROR] ❌ Unhandled exception in trade process for ny040326145900a: [WinError 232] The pipe is being closed
Traceback (most recent call last):
  File "C:\Users\Administrator\Desktop\api_v2_microservices_opt_chain_multiple\trading\trade_process.py", line 86, in trade_process_worker
    await create_snapshot_for_trade(trade_uid, log_level='DEBUG')
  File "C:\Users\Administrator\Desktop\api_v2_microservices_opt_chain_multiple\background\tasks.py", line 1178, in create_snapshot_for_trade
    chain = state.get_option_chain(symbol)
            ^^^^^^^^^^^^^^^^^^^^^^^^^^^^^^
  File "C:\Users\Administrator\Desktop\api_v2_microservices_opt_chain_multiple\models\state.py", line 92, in get_option_chain
    return self.option_chains.get(symbol.upper())
           ^^^^^^^^^^^^^^^^^^^^^^^^^^^^^^^^^^^^^^
  File "<string>", line 2, in get
  File "C:\Users\Administrator\miniforge3\envs\trading312\Lib\multiprocessing\managers.py", line 827, in _callmethod
    conn.send((self._id, methodname, args, kwds))
  File "C:\Users\Administrator\miniforge3\envs\trading312\Lib\multiprocessing\connection.py", line 206, in send
    self._send_bytes(_ForkingPickler.dumps(obj))
  File "C:\Users\Administrator\miniforge3\envs\trading312\Lib\multiprocessing\connection.py", line 289, in _send_bytes
    ov, err = _winapi.WriteFile(self._handle, buf, overlapped=True)
              ^^^^^^^^^^^^^^^^^^^^^^^^^^^^^^^^^^^^^^^^^^^^^^^^^^^^^
BrokenPipeError: [WinError 232] The pipe is being closed
2026-03-04 15:00:18 [INFO] 🛑 Shutting down trade process for ny040326145900a.
2026-03-04 15:00:18 [INFO] 🛑 Shutting down trade process for ny040326145900a.
2026-03-04 15:00:18 [INFO] 🛑 Stopping all monitors for trade: ny040326145900a
2026-03-04 15:00:18 [INFO] 🛑 Stopping all monitors for trade: ny040326145900a
2026-03-04 15:00:18 [INFO] 🛑 SLMonitor disabled: ny040326145900a
2026-03-04 15:00:18 [INFO] 🛑 HedgeMonitor disabled for ny040326145900a.
2026-03-04 15:00:18 [INFO] 🛑 RollMonitor disabled: ny040326145900a
2026-03-04 15:00:18 [INFO] 🛑 SLMonitor disabled: ny040326145900a
2026-03-04 15:00:18 [INFO] 🛑 SquareOffMonitor disabled for ny040326145900a
2026-03-04 15:00:18 [INFO] 🛑 HedgeMonitor disabled for ny040326145900a.
2026-03-04 15:00:18 [INFO] 🛑 StraddlePriceMonitor disabled: ny040326145900a
2026-03-04 15:00:18 [INFO] 🛑 RollMonitor disabled: ny040326145900a
2026-03-04 15:00:18 [INFO] 🛑 SquareOffMonitor disabled for ny040326145900a
2026-03-04 15:00:18 [INFO] 🛑 StraddlePriceMonitor disabled: ny040326145900a
2026-03-04 15:00:18 [INFO] ✅ Market Data Client closed.
2026-03-04 15:00:18 [INFO] ✅ Market Data Client closed.
2026-03-04 15:00:18 [INFO] 🔒 Database closed
2026-03-04 15:00:18 [INFO] 🔒 Database closed
2026-03-04 15:00:18 [INFO] ✅ Process for ny040326145900a finished.
2026-03-04 15:00:18 [INFO] ✅ Process for ny040326145900a finished.
2026-03-04 15:00:18 [INFO] Price sync loop cancelled.
2026-03-04 15:00:18 [INFO] Price sync loop cancelled.
